[  0.000086] INFO   ═══════════════════════════════════════════════
[  0.000137] INFO     Milestone 1 — NVMe Bring-up and Discovery
[  0.000145] INFO     NVMe Firmware Diagnostic Project
[  0.000150] INFO     Platform: Raspberry Pi 5 + Geekworm X1001
[  0.000154] INFO   ═══════════════════════════════════════════════
[  0.000163] INFO   System page size: 16384 bytes
[  0.000169] INFO   Log file: nvme_m1.log
[  0.000174] INFO    
[  0.000178] INFO   [M1.1] Scanning PCIe bus for NVMe devices...
[  0.000342] INFO   NVMe found: BDF=0001:01:00.0  VID=0x144D  DID=0xA809  BAR0=0x1B80000000 (16 KB)
[  0.000352] INFO   Current driver: nvme
[  0.000374] INFO   DMA offset: using BCM2712 default 0x1000000000
[  0.000380] INFO    
[  0.000385] INFO   [M1.2] Mapping BAR0 into userspace...
[  0.000422] INFO   BAR0 mapped: phys=0x1B80000000  virt=0x7fff4dc90000  size=16384 bytes
[  0.000428] INFO    
[  0.000433] INFO   [M1.3] Reading controller identity registers...
[  0.000567] TRACE  MMIO RD  off=0x0000  w=64  val=0x000000303C033FFF
[  0.000603] TRACE  MMIO RD  off=0x0008  w=32  val=0x00010300
[  0.000609] INFO   Device is responsive. Decoding registers...
[  0.000614] INFO    
[  0.000619] INFO   CAP (Controller Capabilities) = 0x000000303C033FFF
[  0.000624] INFO     MQES  (Max Queue Entries)     : 16383 (supports 16384 entries)
[  0.000628] INFO     CQR   (Contiguous Queues Req) : 1
[  0.000633] INFO     AMS   (Arbitration Mechanisms) : 0x1 [Weighted-RR ]
[  0.000637] INFO     TO    (Timeout)                : 60 × 500 ms = 30000 ms
[  0.000643] INFO     DSTRD (Doorbell Stride)        : 0 (stride = 4 bytes)
[  0.000651] INFO     NSSRS (Subsystem Reset)        : 1
[  0.000658] INFO     CSS   (Command Sets)           : 0x01 [NVM ]
[  0.000662] INFO     BPS   (Boot Partition)         : 0
[  0.000668] INFO     MPSMIN (Min Page Size)         : 0 → 4096 bytes
[  0.000673] INFO     MPSMAX (Max Page Size)         : 0 → 4096 bytes
[  0.000680] INFO    
[  0.000685] INFO   VS (Version) = 0x00010300 → NVMe 1.3.0
[  0.000690] INFO    
[  0.000695] INFO   [M1.4] Full register map dump...
[  0.000701] INFO    
[  0.001015] TRACE  MMIO RD  off=0x0014  w=32  val=0x00460001
[  0.001021] INFO   CC (Controller Configuration) = 0x00460001
[  0.001026] INFO     EN     (Enable)              : 1
[  0.001032] INFO     CSS    (Command Set)         : 0
[  0.001037] INFO     MPS    (Memory Page Size)    : 0 → 4096 bytes
[  0.001042] INFO     AMS    (Arbitration)         : 0
[  0.001047] INFO     SHN    (Shutdown Notification): 0 [None]
[  0.001053] INFO     IOSQES (I/O SQ Entry Size)   : 6 → 64 bytes
[  0.001058] INFO     IOCQES (I/O CQ Entry Size)   : 4 → 16 bytes
[  0.001063] INFO    
[  0.001426] TRACE  MMIO RD  off=0x001C  w=32  val=0x00000001
[  0.001431] INFO   CSTS (Controller Status) = 0x00000001
[  0.001436] INFO     RDY    (Ready)               : 1
[  0.001441] INFO     CFS    (Controller Fatal)    : 0
[  0.001446] INFO     SHST   (Shutdown Status)     : 0 [Normal]
[  0.001451] INFO     NSSRO  (Subsystem Reset Occ) : 0
[  0.001456] INFO     PP     (Processing Paused)   : 0
[  0.001461] INFO    
[  0.001836] TRACE  MMIO RD  off=0x000C  w=32  val=0x00000000
[  0.001872] TRACE  MMIO RD  off=0x0010  w=32  val=0x00000000
[  0.001877] INFO   INTMS (Interrupt Mask Set)   = 0x00000000
[  0.001882] INFO   INTMC (Interrupt Mask Clear) = 0x00000000
[  0.001887] INFO    
[  0.001921] TRACE  MMIO RD  off=0x0020  w=32  val=0x00000000
[  0.001927] INFO   NSSR (NVM Subsystem Reset) = 0x00000000
[  0.001932] INFO    
[  0.001967] TRACE  MMIO RD  off=0x0024  w=32  val=0x001F001F
[  0.002008] TRACE  MMIO RD  off=0x0028  w=64  val=0x0000001002970000
[  0.002050] TRACE  MMIO RD  off=0x0030  w=64  val=0x0000001002D24000
[  0.002056] INFO   AQA (Admin Queue Attributes) = 0x001F001F
[  0.002061] INFO     ASQS (Admin SQ Size) : 32 entries
[  0.002066] INFO     ACQS (Admin CQ Size) : 32 entries
[  0.002074] INFO   ASQ (Admin SQ Base) = 0x0000001002970000
[  0.002079] INFO   ACQ (Admin CQ Base) = 0x0000001002D24000
[  0.002083] INFO    
[  0.002255] TRACE  MMIO RD  off=0x0038  w=32  val=0x00000000
[  0.002291] TRACE  MMIO RD  off=0x003C  w=32  val=0x00000000
[  0.002296] INFO   CMBLOC (CMB Location) = 0x00000000
[  0.002302] INFO   CMBSZ  (CMB Size)     = 0x00000000  [No CMB]
[  0.002307] INFO    
[  0.002311] INFO   Doorbell region (first 2 queue pairs):
[  0.002352] TRACE  MMIO RD  off=0x1000  w=32  val=0x00000017
[  0.002388] TRACE  MMIO RD  off=0x1004  w=32  val=0x00000016
[  0.002394] INFO     QID 0: SQ Tail DB [0x1000] = 0x00000017  |  CQ Head DB [0x1004] = 0x00000016
[  0.002430] TRACE  MMIO RD  off=0x1008  w=32  val=0x0000002E
[  0.002464] TRACE  MMIO RD  off=0x100C  w=32  val=0x0000002E
[  0.002470] INFO     QID 1: SQ Tail DB [0x1008] = 0x0000002E  |  CQ Head DB [0x100C] = 0x0000002E
[  0.002475] INFO    
[  0.002480] INFO   Raw register dump (0x00–0x3F, controller registers):
[  0.002515] TRACE  MMIO RD  off=0x0000  w=32  val=0x3C033FFF
[  0.002520] INFO     [0x0000] = 0x3C033FFF
[  0.002555] TRACE  MMIO RD  off=0x0004  w=32  val=0x00000030
[  0.002561] INFO     [0x0004] = 0x00000030
[  0.002596] TRACE  MMIO RD  off=0x0008  w=32  val=0x00010300
[  0.002602] INFO     [0x0008] = 0x00010300
[  0.002637] TRACE  MMIO RD  off=0x000C  w=32  val=0x00000000
[  0.002642] INFO     [0x000C] = 0x00000000
[  0.002677] TRACE  MMIO RD  off=0x0010  w=32  val=0x00000000
[  0.002683] INFO     [0x0010] = 0x00000000
[  0.002718] TRACE  MMIO RD  off=0x0014  w=32  val=0x00460001
[  0.002724] INFO     [0x0014] = 0x00460001
[  0.002758] TRACE  MMIO RD  off=0x0018  w=32  val=0x00000000
[  0.002764] INFO     [0x0018] = 0x00000000
[  0.002799] TRACE  MMIO RD  off=0x001C  w=32  val=0x00000001
[  0.002805] INFO     [0x001C] = 0x00000001
[  0.002840] TRACE  MMIO RD  off=0x0020  w=32  val=0x00000000
[  0.002845] INFO     [0x0020] = 0x00000000
[  0.002880] TRACE  MMIO RD  off=0x0024  w=32  val=0x001F001F
[  0.002886] INFO     [0x0024] = 0x001F001F
[  0.002934] TRACE  MMIO RD  off=0x0028  w=32  val=0x02970000
[  0.002946] INFO     [0x0028] = 0x02970000
[  0.002981] TRACE  MMIO RD  off=0x002C  w=32  val=0x00000010
[  0.002987] INFO     [0x002C] = 0x00000010
[  0.003021] TRACE  MMIO RD  off=0x0030  w=32  val=0x02D24000
[  0.003027] INFO     [0x0030] = 0x02D24000
[  0.003062] TRACE  MMIO RD  off=0x0034  w=32  val=0x00000010
[  0.003067] INFO     [0x0034] = 0x00000010
[  0.003101] TRACE  MMIO RD  off=0x0038  w=32  val=0x00000000
[  0.003107] INFO     [0x0038] = 0x00000000
[  0.003142] TRACE  MMIO RD  off=0x003C  w=32  val=0x00000000
[  0.003148] INFO     [0x003C] = 0x00000000
[  0.003152] INFO    
[  0.003157] INFO   ═══════════════════════════════════════════════
[  0.003164] INFO     Milestone 1 — Summary
[  0.003169] INFO   ═══════════════════════════════════════════════
[  0.003175] INFO     Device       : 0001:01:00.0 (VID=0x144D DID=0xA809)
[  0.003180] INFO     NVMe version : 1.3.0
[  0.003185] INFO     Max queues   : 16384 entries
[  0.003190] INFO     Page size    : 4096 – 4096 bytes
[  0.003195] INFO     Timeout      : 30000 ms
[  0.003200] INFO     DB stride    : 4 bytes
[  0.003204] INFO     DMA offset   : 0x1000000000
[  0.003209] INFO     Controller   : ENABLED (kernel driver active)
[  0.003214] INFO     Status       : READY
[  0.003218] INFO    
[  0.003224] INFO     [M1.1] ✓ Device located by PCI class code
[  0.003229] INFO     [M1.2] ✓ BAR0 mapped at 0x7fff4dc90000
[  0.003234] INFO     [M1.3] ✓ CAP/VS read, device responsive
[  0.003238] INFO     [M1.4] ✓ Full register map dumped
[  0.003243] INFO     [M1.5] ✓ Logger active → nvme_m1.log
[  0.003248] INFO    
[  0.003253] INFO     Ready for Milestone 2 (DMA buffer setup).
[  0.003266] DEBUG  BAR0 unmapped
