[  0.000244] DEBUG  NVMe: 0001:01:00.0 VID=0x144D DID=0xA809 BAR0=0x1B80000000 (16 KB)
[  0.702324] TRACE  MMIO RD  0x0000 = 0x000000303C033FFF
[  0.702402] TRACE  MMIO RD  0x0014 = 0x00464001
[  0.702447] TRACE  MMIO RD  0x0014 = 0x00464001
[  0.702453] TRACE  MMIO WR  0x0014 = 0x00464000
[  0.702486] TRACE  MMIO RD  0x001C = 0x00000009
[  0.703548] TRACE  MMIO RD  0x001C = 0x00000009
[  0.704609] TRACE  MMIO RD  0x001C = 0x00000009
[  0.705670] TRACE  MMIO RD  0x001C = 0x00000009
[  0.706731] TRACE  MMIO RD  0x001C = 0x00000009
[  0.707795] TRACE  MMIO RD  0x001C = 0x00000009
[  0.708855] TRACE  MMIO RD  0x001C = 0x00000009
[  0.709905] TRACE  MMIO RD  0x001C = 0x00000000
[  0.709994] TRACE  MMIO WR  0x0024 = 0x001F001F
[  0.710001] TRACE  MMIO WR  0x0028 = 0x00000010BFECC000
[  0.710007] TRACE  MMIO WR  0x0030 = 0x000000108518C000
[  0.710012] TRACE  MMIO WR  0x0014 = 0x00460001
[  0.710018] TRACE  MMIO RD  0x001C = 0x00000000
[  0.711105] TRACE  MMIO RD  0x001C = 0x00000000
[  0.712189] TRACE  MMIO RD  0x001C = 0x00000000
[  0.713272] TRACE  MMIO RD  0x001C = 0x00000000
[  0.714333] TRACE  MMIO RD  0x001C = 0x00000001
[  0.714362] DEBUG  transport: pre_submit opcode=0x06 dma_bus=0x10762E4000 len=4096
[  0.714370] TRACE  MMIO WR  0x1000 = 0x00000001
[  0.720046] TRACE  MMIO WR  0x1004 = 0x00000001
[  0.720057] DEBUG  transport: post_complete opcode=0x06 SF=0x0000 OK
[  0.720079] INFO   transport: init OK, block_size=512
[  0.720085] INFO   Test 1: Identify Controller through hook chain
[  0.720108] DEBUG  transport: pre_submit opcode=0x06 dma_bus=0x10762E4000 len=4096
[  0.720114] TRACE  MMIO WR  0x1000 = 0x00000002
[  0.721048] TRACE  MMIO WR  0x1004 = 0x00000002
[  0.721061] DEBUG  transport: post_complete opcode=0x06 SF=0x0000 OK
[  0.721078] INFO     SAMSUNG MZALQ512HALU-000L1  SN=S4YCNX0R704829  FW=EL1QFXV7  status=0x0000
[  0.721085] INFO   Test 2: SMART log through hook chain
[  0.721114] DEBUG  transport: pre_submit opcode=0x02 dma_bus=0x10762E4000 len=512
[  0.721120] TRACE  MMIO WR  0x1000 = 0x00000003
[  0.729870] TRACE  MMIO WR  0x1004 = 0x00000003
[  0.729883] DEBUG  transport: post_complete opcode=0x02 SF=0x0000 OK
[  0.729898] INFO     SMART: 23°C  spare=100%  used=6%  status=0x0000
[  0.729913] INFO   Test 3: I/O Write + Read through hook chain
[  0.729918] TRACE  MMIO WR  0x1000 = 0x00000004
[  0.734214] TRACE  MMIO WR  0x1004 = 0x00000004
[  0.734222] DEBUG  transport: post_complete opcode=0x09 SF=0x0000 OK
[  0.734267] TRACE  MMIO WR  0x1000 = 0x00000005
[  0.735195] TRACE  MMIO WR  0x1004 = 0x00000005
[  0.735202] TRACE  MMIO WR  0x1000 = 0x00000006
[  0.735975] TRACE  MMIO WR  0x1004 = 0x00000006
[  0.735981] INFO   transport: I/O queue created (depth=64)
[  0.736008] DEBUG  transport: pre_submit opcode=0x01 dma_bus=0x10E5658000 len=512
[  0.736014] TRACE  MMIO WR  0x1008 = 0x00000001
[  0.736174] TRACE  MMIO WR  0x100C = 0x00000001
[  0.736180] DEBUG  transport: post_complete opcode=0x01 SF=0x0000 OK
[  0.736194] INFO     Write OK at LBA=0x100000  status=0x0000
[  0.736216] DEBUG  transport: pre_submit opcode=0x02 dma_bus=0x10E5658000 len=512
[  0.736222] TRACE  MMIO WR  0x1008 = 0x00000002
[  0.736383] TRACE  MMIO WR  0x100C = 0x00000002
[  0.736389] DEBUG  transport: post_complete opcode=0x02 SF=0x0000 OK
[  0.736402] INFO     Read OK, verify: PASS  ("Transport-M6-Hook-Test!")  status=0x0000
[  0.736408] INFO   Test 4: Controller reset via transport_reset hook
[  0.736414] INFO   transport: reset triggered
[  0.736419] TRACE  MMIO RD  0x0014 = 0x00460001
[  0.736423] TRACE  MMIO WR  0x0014 = 0x00460000
[  0.736427] TRACE  MMIO RD  0x001C = 0x00000001
[  0.737488] TRACE  MMIO RD  0x001C = 0x00000001
[  0.738548] TRACE  MMIO RD  0x001C = 0x00000001
[  0.739611] TRACE  MMIO RD  0x001C = 0x00000001
[  0.740672] TRACE  MMIO RD  0x001C = 0x00000001
[  0.741732] TRACE  MMIO RD  0x001C = 0x00000001
[  0.742793] TRACE  MMIO RD  0x001C = 0x00000001
[  0.743854] TRACE  MMIO RD  0x001C = 0x00000001
[  0.744915] TRACE  MMIO RD  0x001C = 0x00000001
[  0.745976] TRACE  MMIO RD  0x001C = 0x00000001
[  0.747037] TRACE  MMIO RD  0x001C = 0x00000001
[  0.748104] TRACE  MMIO RD  0x001C = 0x00000000
[  0.748163] TRACE  MMIO WR  0x0024 = 0x001F001F
[  0.748170] TRACE  MMIO WR  0x0028 = 0x00000010BFECC000
[  0.748175] TRACE  MMIO WR  0x0030 = 0x000000108518C000
[  0.748180] TRACE  MMIO WR  0x0014 = 0x00460001
[  0.748187] TRACE  MMIO RD  0x001C = 0x00000000
[  0.748192] TRACE  MMIO RD  0x001C = 0x00000000
[  0.749253] TRACE  MMIO RD  0x001C = 0x00000001
[  0.749258] INFO   transport: reset complete, controller ready
[  0.749279] DEBUG  transport: pre_submit opcode=0x06 dma_bus=0x10762E4000 len=4096
[  0.749285] TRACE  MMIO WR  0x1000 = 0x00000001
[  0.750368] TRACE  MMIO WR  0x1004 = 0x00000001
[  0.750378] DEBUG  transport: post_complete opcode=0x06 SF=0x0000 OK
[  0.750390] INFO     Post-reset Identify OK: SN=S4YCNX0R704829  status=0x0000
[  0.750398] INFO   Test 5: Custom hook chain
[  0.750404] INFO     [custom pre_submit] opcode=0x06 call #1
[  0.750424] TRACE  MMIO WR  0x1000 = 0x00000002
[  0.751505] TRACE  MMIO WR  0x1004 = 0x00000002
[  0.751518] INFO     [custom post_complete] SF=0x0000 call #1
[  0.751524] INFO     Custom hooks fired: pre=1 post=1  status=0x0000
[  0.751530] INFO   Results:
[  0.751535] INFO     Identify via transport : PASS
[  0.751540] INFO     SMART via transport    : PASS
[  0.751545] INFO     I/O W+R via transport  : PASS
[  0.751549] INFO     Reset hook             : PASS
[  0.751554] INFO     Custom hooks           : pre=1 post=1
[  0.751559] TRACE  MMIO RD  0x0014 = 0x00460001
[  0.751566] TRACE  MMIO RD  0x0014 = 0x00460001
[  0.751572] TRACE  MMIO WR  0x0014 = 0x00460000
